ASxxxx Linker V03.00 + NoICE + sdld,  page 1.
Hexadecimal  [32-Bits]

Area                                    Addr        Size        Decimal Bytes (Attributes)
--------------------------------        ----        ----        ------- ----- ------------
.  .ABS.                            00000000    00000000 =           0. bytes (ABS,CON)

      Value  Global                              Global Defined In Module
      -----  --------------------------------   ------------------------
     00000000  .__.ABS.                           mytestrom
     00000000  l__BANK10                       
     00000000  l__BANK12                       
     00000000  l__BANK14                       
     00000000  l__BANK16                       
     00000000  l__BANK18                       
     00000000  l__BANK20                       
     00000000  l__BANK22                       
     00000000  l__BANK24                       
     00000000  l__BANK26                       
     00000000  l__BANK28                       
     00000000  l__BANK30                       
     00000000  l__BANK32                       
     00000000  l__BANK34                       
     00000000  l__BANK36                       
     00000000  l__BANK38                       
     00000000  l__BANK40                       
     00000000  l__BANK42                       
     00000000  l__BANK44                       
     00000000  l__BANK46                       
     00000000  l__BANK48                       
     00000000  l__BANK50                       
     00000000  l__BANK52                       
     00000000  l__BANK54                       
     00000000  l__BANK56                       
     00000000  l__BANK58                       
     00000000  l__BANK60                       
     00000000  l__BANK62                       
     00000000  l__CABS                         
     00000000  l__CODE                         
     00000000  l__DABS                         
     00000000  l__GSFINAL                      
     00000000  l__GSINIT                       
     00000000  l__HEADER                       
     00000000  l__HOME                         
     00000000  s__CABS                         
     00000000  s__DABS                         
     00000000  s__HEADER                       
     00000000  s__HEADER0                      
     00000002  b_data0                            data0
     00000002  l__INITIALIZED                  
     00000002  l__INITIALIZER                  
     00000004  b_data1                            data1
     00000006  b_DataLevelMap                     data_levels
     00000006  b_sprite_colors                    data_levels
     00000006  b_sprite_patterns                  data_levels
     00000008  b_intro                            intro
     000000C4  l__HEADER0                      
     00000200  s__CODE                         
     000007A8  l__BANK8                        
ASxxxx Linker V03.00 + NoICE + sdld,  page 2.
Hexadecimal  [32-Bits]

Area                                    Addr        Size        Decimal Bytes (Attributes)
--------------------------------        ----        ----        ------- ----- ------------
.  .ABS.                            00000000    00000000 =           0. bytes (ABS,CON)

      Value  Global                              Global Defined In Module
      -----  --------------------------------   ------------------------
     00000D45  l__BANK0                        
     00000E6E  l__DATA                         
     000019E2  l__BANK6                        
     00004000  l__BANK2                        
     00004000  l__BANK4                        
     00004100  s__BANK0                        
     0000C000  s__DATA                         
     0000CE6E  s__INITIALIZED                  
     0000CE70  s__GSFINAL                      
     0000CE70  s__GSINIT                       
     0000CE70  s__HOME                         
     0000CE70  s__INITIALIZER                  
     0000F3DF  _RG0SAV                            mytestrom
     0000F3E0  _RG1SAV                            mytestrom
     0000FFE7  _RG8SAV                            mytestrom
     0000FFE8  _RG9SAV                            mytestrom
     0000FFE9  _RG10SA                            mytestrom
     0000FFEA  _RG11SA                            mytestrom
     0000FFEB  _RG12SA                            mytestrom
     0000FFEC  _RG13SA                            mytestrom
     0000FFED  _RG14SA                            mytestrom
     0000FFEE  _RG15SA                            mytestrom
     0000FFEF  _RG16SA                            mytestrom
     0000FFF0  _RG17SA                            mytestrom
     0000FFF1  _RG18SA                            mytestrom
     00028000  s__BANK2                        
     00048000  s__BANK4                        
     00068000  s__BANK6                        
     00088000  s__BANK8                        
     000A8000  s__BANK10                       
     000C8000  s__BANK12                       
     000E8000  s__BANK14                       
     00108000  s__BANK16                       
     00128000  s__BANK18                       
     00148000  s__BANK20                       
     00168000  s__BANK22                       
     00188000  s__BANK24                       
     001A8000  s__BANK26                       
     001C8000  s__BANK28                       
     001E8000  s__BANK30                       
     00208000  s__BANK32                       
     00228000  s__BANK34                       
     00248000  s__BANK36                       
     00266000  s__BANK38                       
     00288000  s__BANK40                       
     002A8000  s__BANK42                       
     002C8000  s__BANK44                       
     002E8000  s__BANK46                       
     00308000  s__BANK48                       
     00328000  s__BANK50                       
     00348000  s__BANK52                       
ASxxxx Linker V03.00 + NoICE + sdld,  page 3.
Hexadecimal  [32-Bits]

Area                                    Addr        Size        Decimal Bytes (Attributes)
--------------------------------        ----        ----        ------- ----- ------------
.  .ABS.                            00000000    00000000 =           0. bytes (ABS,CON)

      Value  Global                              Global Defined In Module
      -----  --------------------------------   ------------------------
     00368000  s__BANK54                       
     00388000  s__BANK56                       
     003A8000  s__BANK58                       
     003C8000  s__BANK62                       
     003E8000  s__BANK60                       

ASxxxx Linker V03.00 + NoICE + sdld,  page 4.
Hexadecimal  [32-Bits]

Area                                    Addr        Size        Decimal Bytes (Attributes)
--------------------------------        ----        ----        ------- ----- ------------
_BANK0                              00004100    00000D45 =        3397. bytes (REL,CON)

      Value  Global                              Global Defined In Module
      -----  --------------------------------   ------------------------
     00004100  _main                              mytestrom
     000042A7  _ScrollRight                       mytestrom
     00004370  _ScrollLeft                        mytestrom
     00004426  _PlotOneColumnTile                 mytestrom
     000044D6  _PlotOneColumnTileAndMask          mytestrom
     000045F6  _BorderLinesL                      mytestrom
     0000467F  _BorderLinesR                      mytestrom
     00004708  _NewLine                           mytestrom
     0000478E  _PatchPlotOneTile                  mytestrom
     000047D8  _myVDPwrite                        mytestrom
     000047E2  _myfVDP                            mytestrom
     00004822  _mySetAdjust                       mytestrom
     0000483F  _myFT_wait                         mytestrom
     00004846  _WaitLineInt                       mytestrom
     0000485D  _FT_errorHandler                   mytestrom
     0000491A  _MyLoadMap                         mytestrom
     00004993  _myISR                             mytestrom
     000049B0  _myInstISR                         mytestrom
     000049D0  _myISRrestore                      mytestrom
     000049EE  _myCheckkbd                        mytestrom
     000049FC  _ObjectsInit                       mytestrom
     00004AA9  _ObjectstoVRAM                     mytestrom
     00004BE5  _UpdateColor                       mytestrom
     00004C25  _UpdateFrame                       mytestrom
     00004C68  _SprtInit                          mytestrom
     00004D16  _VramWrite                         mytestrom
     00004D20  _SetVramR14                        mytestrom
     00004D29  _SetVramW14                        mytestrom
     00004D34  _SetVramW                          mytestrom
     00004D4F  _SetVramR                          mytestrom
     00004D68  _chgmod                            mytestrom
     00004D6B  _putch                             mytestrom
     00004D6E  _myHMMV                            mytestrom
     00004DBC  _SetDisplayPage                    mytestrom
     00004DD7  _VDPlineSwitch                     mytestrom
     00004DE9  _VDP60Hz                           mytestrom
     00004DFB  _PrintChar                         mytestrom
     00004E0D  _Print                             mytestrom
     00004E2E  _myVDPready                        mytestrom
ASxxxx Linker V03.00 + NoICE + sdld,  page 5.
Hexadecimal  [32-Bits]

Area                                    Addr        Size        Decimal Bytes (Attributes)
--------------------------------        ----        ----        ------- ----- ------------
_BANK2                              00028000    00004000 =       16384. bytes (REL,CON)

      Value  Global                              Global Defined In Module
      -----  --------------------------------   ------------------------
     00028000  _data0                             data0

ASxxxx Linker V03.00 + NoICE + sdld,  page 6.
Hexadecimal  [32-Bits]

Area                                    Addr        Size        Decimal Bytes (Attributes)
--------------------------------        ----        ----        ------- ----- ------------
_BANK4                              00048000    00004000 =       16384. bytes (REL,CON)

      Value  Global                              Global Defined In Module
      -----  --------------------------------   ------------------------
     00048000  _data1                             data1

ASxxxx Linker V03.00 + NoICE + sdld,  page 7.
Hexadecimal  [32-Bits]

Area                                    Addr        Size        Decimal Bytes (Attributes)
--------------------------------        ----        ----        ------- ----- ------------
_BANK6                              00068000    000019E2 =        6626. bytes (REL,CON)

      Value  Global                              Global Defined In Module
      -----  --------------------------------   ------------------------
     00068000  _sprite_patterns                   data_levels
     00068B00  _sprite_colors                     data_levels
     00069080  _DataLevelMap                      data_levels
ASxxxx Linker V03.00 + NoICE + sdld,  page 8.
Hexadecimal  [32-Bits]

Area                                    Addr        Size        Decimal Bytes (Attributes)
--------------------------------        ----        ----        ------- ----- ------------
_BANK8                              00088000    000007A8 =        1960. bytes (REL,CON)

      Value  Global                              Global Defined In Module
      -----  --------------------------------   ------------------------
     00088000  _intro                             intro
     00088171  _FireIteration                     intro
     00088200  _MyRand                            intro
     00088210  _SetPalette                        intro
     00088235  _RestorePalette                    intro
     0008826B  _fire_palette                      intro
     00088298  _title_sprites                     intro
     00088698  _title_sat                         intro
     00088718  _gradient_colrs                    intro
     00088728  _gradient_tiles                    intro

ASxxxx Linker V03.00 + NoICE + sdld,  page 9.
Hexadecimal  [32-Bits]

Area                                    Addr        Size        Decimal Bytes (Attributes)
--------------------------------        ----        ----        ------- ----- ------------
_HEADER0                            00000000    000000C4 =         196. bytes (ABS,CON)

      Value  Global                              Global Defined In Module
      -----  --------------------------------   ------------------------
     00004020  megarom                            
     00004075  ___sdcc_bcall                      
     0000407E  ___sdcc_bcall_abc                  
     000040A3  ___sdcc_bcall_ehl                  

ASxxxx Linker V03.00 + NoICE + sdld,  page 10.
Hexadecimal  [32-Bits]

Area                                    Addr        Size        Decimal Bytes (Attributes)
--------------------------------        ----        ----        ------- ----- ------------
_DATA                               0000C000    00000E6E =        3694. bytes (REL,CON)

      Value  Global                              Global Defined In Module
      -----  --------------------------------   ------------------------
     0000C000  _curr_bank                         
     0000C002  _buffer                            intro
     0000C320  _WLevelx                           mytestrom
     0000C322  _WLevely                           mytestrom
     0000C323  _LevelW                            mytestrom
     0000C324  _LevelH                            mytestrom
     0000C325  _WLevelDX                          mytestrom
     0000C327  _WLevelDY                          mytestrom
     0000C329  _newx                              mytestrom
     0000C32A  _page                              mytestrom
     0000C32B  _OldIsr                            mytestrom
     0000C32E  _cursat                            mytestrom
     0000C32F  _LevelMap                          mytestrom
     0000CE31  _object                            mytestrom
     0000CE69  _u                                 mytestrom
     0000CE6B  _y                                 mytestrom
     0000CE6C  _x                                 mytestrom
     0000CE6D  _v                                 mytestrom
ASxxxx Linker V03.00 + NoICE + sdld,  page 11.
Hexadecimal  [32-Bits]

Area                                    Addr        Size        Decimal Bytes (Attributes)
--------------------------------        ----        ----        ------- ----- ------------
_INITIALIZED                        0000CE6E    00000002 =           2. bytes (REL,CON)

      Value  Global                              Global Defined In Module
      -----  --------------------------------   ------------------------
     0000CE6E  _g_RandomSeed8                     intro

ASxxxx Linker V03.00 + NoICE + sdld,  page 12.
Hexadecimal  [32-Bits]

Area                                    Addr        Size        Decimal Bytes (Attributes)
--------------------------------        ----        ----        ------- ----- ------------
_INITIALIZER                        0000CE70    00000002 =           2. bytes (REL,CON)

      Value  Global                              Global Defined In Module
      -----  --------------------------------   ------------------------
ASxxxx Linker V03.00 + NoICE + sdld,  page 13.

Files Linked                              [ module(s) ]

build\megarom.rel                         [  ]
build\data0.rel                           [ data0 ]
build\data1.rel                           [ data1 ]
build\data_levels.rel                     [ data_levels ]
build\intro.rel                           [ intro ]
build\mytestrom.rel                       [ mytestrom ]

ASxxxx Linker V03.00 + NoICE + sdld,  page 14.

User Base Address Definitions

_CODE = 0x0200
_DATA = 0xc000
_BANK0=0x004100
_BANK2=0x028000
_BANK4=0x048000
_BANK6=0x068000
_BANK8=0x088000
_BANK10=0x0a8000
_BANK12=0x0c8000
_BANK14=0x0e8000
_BANK16=0x108000
_BANK18=0x128000
_BANK20=0x148000
_BANK22=0x168000
_BANK24=0x188000
_BANK26=0x1a8000
_BANK28=0x1c8000
_BANK30=0x1e8000
_BANK32=0x208000
_BANK34=0x228000
_BANK36=0x248000
_BANK38=0x266000
_BANK40=0x288000
_BANK42=0x2a8000
_BANK44=0x2c8000
_BANK46=0x2e8000
_BANK48=0x308000
_BANK50=0x328000
_BANK52=0x348000
_BANK54=0x368000
_BANK56=0x388000
_BANK58=0x3a8000
_BANK60=0x3e8000
_BANK62=0x3c8000

